// Jest Snapshot v1, https://goo.gl/fbAQLP

exports[`adds two numbers 1`] = `3`;
